07:58:26 **** Incremental Build of configuration Debug for project Bai1_GPIO_Delay ****
make -j16 all 
arm-none-eabi-gcc "../Core/Src/main.c" -mcpu=cortex-m4 -std=gnu11 -g3 -DDEBUG -DUSE_HAL_DRIVER -DSTM32F407xx -c -I../Core/Inc -I../Drivers/STM32F4xx_HAL_Driver/Inc -I../Drivers/STM32F4xx_HAL_Driver/Inc/Legacy -I../Drivers/CMSIS/Device/ST/STM32F4xx/Include -I../Drivers/CMSIS/Include -O0 -ffunction-sections -fdata-sections -Wall -fstack-usage -MMD -MP -MF"Core/Src/main.d" -MT"Core/Src/main.o" --specs=nano.specs -mfpu=fpv4-sp-d16 -mfloat-abi=hard -mthumb -o "Core/Src/main.o"
arm-none-eabi-gcc -o "Bai1_GPIO_Delay.elf" @"objects.list"   -mcpu=cortex-m4 -T"E:\StudyingMaterials\Sem241\ES_241\lab1\LAB1\SOURCE_CODE\Bai1_GPIO_Delay\STM32F407ZGTX_FLASH.ld" --specs=nosys.specs -Wl,-Map="Bai1_GPIO_Delay.map" -Wl,--gc-sections -static --specs=nano.specs -mfpu=fpv4-sp-d16 -mfloat-abi=hard -mthumb -Wl,--start-group -lc -lm -Wl,--end-group
Finished building target: Bai1_GPIO_Delay.elf
 
arm-none-eabi-size   Bai1_GPIO_Delay.elf 
arm-none-eabi-objdump -h -S  Bai1_GPIO_Delay.elf  > "Bai1_GPIO_Delay.list"
arm-none-eabi-objcopy  -O binary  Bai1_GPIO_Delay.elf  "Bai1_GPIO_Delay.bin"
   text	   data	    bss	    dec	    hex	filename
   6104	     20	   1572	   7696	   1e10	Bai1_GPIO_Delay.elf
Finished building: default.size.stdout
 
Finished building: Bai1_GPIO_Delay.bin
Finished building: Bai1_GPIO_Delay.list
 
 

07:58:27 Build Finished. 0 errors, 0 warnings. (took 744ms)

